###############################################################################
#
# IAR ELF Linker V8.20.1.14183/W32 for ARM                01/Jun/2018  18:25:01
# Copyright 2007-2017 IAR Systems AB.
#
#    Output file  =  
#        E:\WOL2018\速度串级-逐飞库\18-5-31\KEA128\Projecct\IAR\program\Debug\Exe\KEA128.out
#    Map file     =  
#        E:\WOL2018\速度串级-逐飞库\18-5-31\KEA128\Projecct\IAR\program\Debug\List\KEA128.map
#    Command line =  
#        -f C:\Users\MACHEN~1\AppData\Local\Temp\EWFFC6.tmp
#        (E:\WOL2018\速度串级-逐飞库\18-5-31\KEA128\Projecct\IAR\program\Debug\Obj\common.o
#        E:\WOL2018\速度串级-逐飞库\18-5-31\KEA128\Projecct\IAR\program\Debug\Obj\font.o
#        E:\WOL2018\速度串级-逐飞库\18-5-31\KEA128\Projecct\IAR\program\Debug\Obj\isr.o
#        E:\WOL2018\速度串级-逐飞库\18-5-31\KEA128\Projecct\IAR\program\Debug\Obj\KEA128_adc.o
#        E:\WOL2018\速度串级-逐飞库\18-5-31\KEA128\Projecct\IAR\program\Debug\Obj\KEA128_flash.o
#        E:\WOL2018\速度串级-逐飞库\18-5-31\KEA128\Projecct\IAR\program\Debug\Obj\KEA128_ftm.o
#        E:\WOL2018\速度串级-逐飞库\18-5-31\KEA128\Projecct\IAR\program\Debug\Obj\KEA128_gpio.o
#        E:\WOL2018\速度串级-逐飞库\18-5-31\KEA128\Projecct\IAR\program\Debug\Obj\KEA128_i2c.o
#        E:\WOL2018\速度串级-逐飞库\18-5-31\KEA128\Projecct\IAR\program\Debug\Obj\KEA128_irq.o
#        E:\WOL2018\速度串级-逐飞库\18-5-31\KEA128\Projecct\IAR\program\Debug\Obj\KEA128_kbi.o
#        E:\WOL2018\速度串级-逐飞库\18-5-31\KEA128\Projecct\IAR\program\Debug\Obj\KEA128_pit.o
#        E:\WOL2018\速度串级-逐飞库\18-5-31\KEA128\Projecct\IAR\program\Debug\Obj\KEA128_port.o
#        E:\WOL2018\速度串级-逐飞库\18-5-31\KEA128\Projecct\IAR\program\Debug\Obj\KEA128_spi.o
#        E:\WOL2018\速度串级-逐飞库\18-5-31\KEA128\Projecct\IAR\program\Debug\Obj\KEA128_systick.o
#        E:\WOL2018\速度串级-逐飞库\18-5-31\KEA128\Projecct\IAR\program\Debug\Obj\KEA128_uart.o
#        E:\WOL2018\速度串级-逐飞库\18-5-31\KEA128\Projecct\IAR\program\Debug\Obj\main.o
#        E:\WOL2018\速度串级-逐飞库\18-5-31\KEA128\Projecct\IAR\program\Debug\Obj\misc.o
#        E:\WOL2018\速度串级-逐飞库\18-5-31\KEA128\Projecct\IAR\program\Debug\Obj\SEEKFREE_FUN.o
#        E:\WOL2018\速度串级-逐飞库\18-5-31\KEA128\Projecct\IAR\program\Debug\Obj\SEEKFREE_IIC.o
#        E:\WOL2018\速度串级-逐飞库\18-5-31\KEA128\Projecct\IAR\program\Debug\Obj\SEEKFREE_MPU6050.o
#        E:\WOL2018\速度串级-逐飞库\18-5-31\KEA128\Projecct\IAR\program\Debug\Obj\SEEKFREE_NRF24L01.o
#        E:\WOL2018\速度串级-逐飞库\18-5-31\KEA128\Projecct\IAR\program\Debug\Obj\SEEKFREE_OLED.o
#        E:\WOL2018\速度串级-逐飞库\18-5-31\KEA128\Projecct\IAR\program\Debug\Obj\startup_SKEAZ1284.o
#        E:\WOL2018\速度串级-逐飞库\18-5-31\KEA128\Projecct\IAR\program\Debug\Obj\system_SKEAZ1284.o
#        E:\WOL2018\速度串级-逐飞库\18-5-31\KEA128\Projecct\IAR\program\Debug\Obj\WOL_Control.o
#        E:\WOL2018\速度串级-逐飞库\18-5-31\KEA128\Projecct\IAR\program\Debug\Obj\WOL_fuzzy.o
#        E:\WOL2018\速度串级-逐飞库\18-5-31\KEA128\Projecct\IAR\program\Debug\Obj\WOL_Inductor.o
#        E:\WOL2018\速度串级-逐飞库\18-5-31\KEA128\Projecct\IAR\program\Debug\Obj\WOL_KEY.o
#        E:\WOL2018\速度串级-逐飞库\18-5-31\KEA128\Projecct\IAR\program\Debug\Obj\WOL_LED.o
#        E:\WOL2018\速度串级-逐飞库\18-5-31\KEA128\Projecct\IAR\program\Debug\Obj\WOL_UART.o
#        -o
#        E:\WOL2018\速度串级-逐飞库\18-5-31\KEA128\Projecct\IAR\program\Debug\Exe\KEA128.out
#        --map
#        E:\WOL2018\速度串级-逐飞库\18-5-31\KEA128\Projecct\IAR\program\Debug\List\KEA128.map
#        --config
#        E:\WOL2018\速度串级-逐飞库\18-5-31\KEA128\Projecct\IAR\program\KEA128.icf
#        --semihosting --entry __iar_program_start --vfe --text_out locale)
#
###############################################################################

*******************************************************************************
*** RUNTIME MODEL ATTRIBUTES
***

CppFlavor       = *
__SystemLibrary = DLib
__dlib_version  = 6


*******************************************************************************
*** HEAP SELECTION
***

The basic heap was selected because no calls to memory allocation
functions were found in the application outside of system library
functions, and there are calls to deallocation functions in the
application.


*******************************************************************************
*** PLACEMENT SUMMARY
***

"A0":  place at 0x00000000 { ro section .intvec };
"P2":  place in [from 0x00000000 to 0x000003ff] |
                [from 0x00000410 to 0x0001ffff] { ro };
define block CSTACK with size = 1K, alignment = 8 { };
define block HEAP with size = 1K, alignment = 8 { };
"P3":  place in [from 0x1ffff000 to 0x20002fff] {
          rw, block CSTACK, block HEAP };
initialize by copy { rw };

No sections matched the following patterns:

  section FlashConfig  in "P1"


  Section            Kind        Address    Size  Object
  -------            ----        -------    ----  ------
"A0":                                       0xd0
  .intvec            ro code  0x00000000    0xd0  startup_SKEAZ1284.o [1]
                            - 0x000000d0    0xd0

"P2", part 1 of 2:                          0x3c
  .rodata            const    0x000000d0     0x0  zero_init3.o [5]
  .rodata            const    0x000000d0     0x0  copy_init3.o [5]
  Initializer bytes  const    0x000000d0    0x3c  <for P3 s0>
                            - 0x0000010c    0x3c

"P2", part 2 of 2:                        0x3668
  .text              ro code  0x00000410   0xab8  WOL_Control.o [1]
  .text              ro code  0x00000ec8   0x120  FltAddSub.o [4]
  .text              ro code  0x00000fe8    0xb0  FltMul.o [4]
  .text              ro code  0x00001098    0xaa  FltDiv.o [4]
  .rodata            const    0x00001142     0x2  WOL_UART.o [1]
  .text              ro code  0x00001144    0xb6  SEEKFREE_MPU6050.o [1]
  .rodata            const    0x000011fa     0x2  WOL_UART.o [1]
  .text              ro code  0x000011fc    0x36  IxxToFlt.o [4]
  .text              ro code  0x00001232     0x2  startup_SKEAZ1284.o [1]
  .text              ro code  0x00001234    0x32  FltToDbl.o [4]
  .text              ro code  0x00001266   0x184  DblMul.o [4]
  .text              ro code  0x000013ea   0x1b4  DblAddSub.o [4]
  .text              ro code  0x0000159e    0x62  DblToFlt.o [4]
  .text              ro code  0x00001600   0x44c  KEA128_ftm.o [1]
  .text              ro code  0x00001a4c   0x234  KEA128_gpio.o [1]
  .text              ro code  0x00001c80    0x34  IxxToDbl.o [4]
  .text              ro code  0x00001cb4    0x72  SEEKFREE_FUN.o [1]
  .text              ro code  0x00001d26     0x2  startup_SKEAZ1284.o [1]
  .text              ro code  0x00001d28    0x28  FltCmpGe.o [4]
  .text              ro code  0x00001d50    0x26  FltCmpLe.o [4]
  .text              ro code  0x00001d76     0x2  startup_SKEAZ1284.o [1]
  .text              ro code  0x00001d78   0x780  WOL_Inductor.o [1]
  .text              ro code  0x000024f8    0x3a  FltToS32.o [4]
  .text              ro code  0x00002532   0x25e  SEEKFREE_IIC.o [1]
  .text              ro code  0x00002790    0xe0  I32DivModFast.o [5]
  .text              ro code  0x00002870    0x54  KEA128_port.o [1]
  .text              ro code  0x000028c4    0x68  KEA128_adc.o [1]
  .text              ro code  0x0000292c     0x2  IntDivZer.o [5]
  .text              ro code  0x0000292e     0x2  startup_SKEAZ1284.o [1]
  .text              ro code  0x00002930   0x344  SEEKFREE_OLED.o [1]
  .text              ro code  0x00002c74   0x2c4  main.o [1]
  .text              ro code  0x00002f38   0x13e  WOL_KEY.o [1]
  .text              ro code  0x00003076     0x2  startup_SKEAZ1284.o [1]
  .text              ro code  0x00003078    0xcc  common.o [1]
  .text              ro code  0x00003144   0x148  WOL_LED.o [1]
  .text              ro code  0x0000328c   0x1b0  KEA128_uart.o [1]
  .text              ro code  0x0000343c    0x74  KEA128_pit.o [1]
  .text              ro code  0x000034b0    0x44  WOL_UART.o [1]
  .text              ro code  0x000034f4    0x50  KEA128_systick.o [1]
  .text              ro code  0x00003544    0x34  ABImemcpy.o [5]
  .rodata            const    0x00003578   0x228  SEEKFREE_OLED.o [1]
  .text              ro code  0x000037a0    0xcc  isr.o [1]
  .text              ro code  0x0000386c    0x80  system_SKEAZ1284.o [1]
  .text              ro code  0x000038ec    0x3c  zero_init3.o [5]
  .text              ro code  0x00003928    0x30  copy_init3.o [5]
  .text              ro code  0x00003958    0x28  data_init.o [5]
  .iar.init_table    const    0x00003980    0x24  - Linker created -
  .text              ro code  0x000039a4    0x1e  cmain.o [5]
  .text              ro code  0x000039c2     0x4  low_level_init.o [3]
  .text              ro code  0x000039c6     0x8  exit.o [3]
  .text              ro code  0x000039ce     0x2  startup_SKEAZ1284.o [1]
  .text              ro code  0x000039d0     0xa  cexit.o [5]
  .text              ro code  0x000039da     0x2  startup_SKEAZ1284.o [1]
  .text              ro code  0x000039dc    0x14  exit.o [6]
  .rodata            const    0x000039f0    0x18  common.o [1]
  .text              ro code  0x00003a08    0x10  startup_SKEAZ1284.o [1]
  .rodata            const    0x00003a18     0xc  KEA128_ftm.o [1]
  .rodata            const    0x00003a24     0xc  KEA128_gpio.o [1]
  .text              ro code  0x00003a30     0xc  cstartup_M.o [5]
  .rodata            const    0x00003a3c     0x8  main.o [1]
  .text              ro code  0x00003a44     0x2  startup_SKEAZ1284.o [1]
  .text              ro code  0x00003a46     0x2  startup_SKEAZ1284.o [1]
  .text              ro code  0x00003a48     0x2  startup_SKEAZ1284.o [1]
  .text              ro code  0x00003a4a     0x2  startup_SKEAZ1284.o [1]
  .text              ro code  0x00003a4c     0x2  startup_SKEAZ1284.o [1]
  .text              ro code  0x00003a4e     0x2  startup_SKEAZ1284.o [1]
  .text              ro code  0x00003a50     0x2  startup_SKEAZ1284.o [1]
  .text              ro code  0x00003a52     0x2  startup_SKEAZ1284.o [1]
  .text              ro code  0x00003a54     0x2  startup_SKEAZ1284.o [1]
  .text              ro code  0x00003a56     0x2  startup_SKEAZ1284.o [1]
  .text              ro code  0x00003a58     0x2  startup_SKEAZ1284.o [1]
  .text              ro code  0x00003a5a     0x2  startup_SKEAZ1284.o [1]
  .text              ro code  0x00003a5c     0x2  startup_SKEAZ1284.o [1]
  .text              ro code  0x00003a5e     0x2  startup_SKEAZ1284.o [1]
  .text              ro code  0x00003a60     0x2  startup_SKEAZ1284.o [1]
  .text              ro code  0x00003a62     0x2  startup_SKEAZ1284.o [1]
  .text              ro code  0x00003a64     0x2  startup_SKEAZ1284.o [1]
  .text              ro code  0x00003a66     0x2  startup_SKEAZ1284.o [1]
  .text              ro code  0x00003a68     0x2  startup_SKEAZ1284.o [1]
  .text              ro code  0x00003a6a     0x2  startup_SKEAZ1284.o [1]
  .text              ro code  0x00003a6c     0x2  startup_SKEAZ1284.o [1]
  .text              ro code  0x00003a6e     0x2  startup_SKEAZ1284.o [1]
  .text              ro code  0x00003a70     0x2  startup_SKEAZ1284.o [1]
  .text              ro code  0x00003a72     0x2  startup_SKEAZ1284.o [1]
  .text              ro code  0x00003a74     0x2  startup_SKEAZ1284.o [1]
  .text              ro code  0x00003a76     0x2  startup_SKEAZ1284.o [1]
                            - 0x00003a78  0x3668

"P3", part 1 of 3:                          0x3c
  P3 s0                       0x1ffff000    0x3c  <Init block>
    .data            inited   0x1ffff000    0x18  WOL_UART.o [1]
    .data            inited   0x1ffff018     0xc  KEA128_uart.o [1]
    .data            inited   0x1ffff024     0x4  WOL_Control.o [1]
    .data            inited   0x1ffff028     0x4  WOL_Control.o [1]
    .data            inited   0x1ffff02c     0x4  WOL_Control.o [1]
    .data            inited   0x1ffff030     0x4  WOL_Control.o [1]
    .data            inited   0x1ffff034     0x4  WOL_Control.o [1]
    .data            inited   0x1ffff038     0x1  WOL_Control.o [1]
                            - 0x1ffff03c    0x3c

"P3", part 2 of 3:                         0x1ec
  .bss               zero     0x1ffff03c    0x20  WOL_Control.o [1]
  .bss               zero     0x1ffff05c    0x20  WOL_Control.o [1]
  .bss               zero     0x1ffff07c    0x20  WOL_Control.o [1]
  .bss               zero     0x1ffff09c    0x14  WOL_Control.o [1]
  .bss               zero     0x1ffff0b0    0x14  WOL_Control.o [1]
  .bss               zero     0x1ffff0c4    0x14  WOL_Control.o [1]
  .bss               zero     0x1ffff0d8    0x10  WOL_Control.o [1]
  .bss               zero     0x1ffff0e8    0x10  WOL_Control.o [1]
  .bss               zero     0x1ffff0f8     0xc  WOL_Control.o [1]
  .bss               zero     0x1ffff104     0xc  WOL_Control.o [1]
  .bss               zero     0x1ffff110     0xc  WOL_Inductor.o [1]
  .bss               zero     0x1ffff11c     0xc  WOL_Inductor.o [1]
  .bss               zero     0x1ffff128     0xc  WOL_Inductor.o [1]
  .bss               zero     0x1ffff134     0xc  WOL_Inductor.o [1]
  .bss               zero     0x1ffff140     0xc  WOL_Inductor.o [1]
  .bss               zero     0x1ffff14c     0x8  KEA128_ftm.o [1]
  .bss               zero     0x1ffff154     0x4  common.o [1]
  .bss               zero     0x1ffff158     0x4  common.o [1]
  .bss               zero     0x1ffff15c     0x4  common.o [1]
  .bss               zero     0x1ffff160     0x4  common.o [1]
  .bss               zero     0x1ffff164     0x4  WOL_Control.o [1]
  .bss               zero     0x1ffff168     0x4  WOL_Control.o [1]
  .bss               zero     0x1ffff16c     0x4  WOL_Control.o [1]
  .bss               zero     0x1ffff170     0x4  WOL_Control.o [1]
  .bss               zero     0x1ffff174     0x4  WOL_Control.o [1]
  .bss               zero     0x1ffff178     0x4  WOL_Control.o [1]
  .bss               zero     0x1ffff17c     0x4  WOL_Control.o [1]
  .bss               zero     0x1ffff180     0x4  WOL_Control.o [1]
  .bss               zero     0x1ffff184     0x4  WOL_Control.o [1]
  .bss               zero     0x1ffff188     0x4  WOL_Control.o [1]
  .bss               zero     0x1ffff18c     0x4  WOL_Control.o [1]
  .bss               zero     0x1ffff190     0x4  WOL_Control.o [1]
  .bss               zero     0x1ffff194     0x4  WOL_Control.o [1]
  .bss               zero     0x1ffff198     0x4  WOL_Control.o [1]
  .bss               zero     0x1ffff19c     0x4  WOL_Control.o [1]
  .bss               zero     0x1ffff1a0     0x4  WOL_Control.o [1]
  .bss               zero     0x1ffff1a4     0x4  WOL_Control.o [1]
  .bss               zero     0x1ffff1a8     0x4  WOL_Control.o [1]
  .bss               zero     0x1ffff1ac     0x4  WOL_Control.o [1]
  .bss               zero     0x1ffff1b0     0x4  WOL_Control.o [1]
  .bss               zero     0x1ffff1b4     0x4  WOL_Control.o [1]
  .bss               zero     0x1ffff1b8     0x4  WOL_Control.o [1]
  .bss               zero     0x1ffff1bc     0x4  WOL_Control.o [1]
  .bss               zero     0x1ffff1c0     0x4  WOL_Control.o [1]
  .bss               zero     0x1ffff1c4     0x4  WOL_Control.o [1]
  .bss               zero     0x1ffff1c8     0x4  WOL_Control.o [1]
  .bss               zero     0x1ffff1cc     0x4  WOL_Control.o [1]
  .bss               zero     0x1ffff1d0     0x4  WOL_Control.o [1]
  .bss               zero     0x1ffff1d4     0x4  WOL_Control.o [1]
  .bss               zero     0x1ffff1d8     0x4  WOL_Control.o [1]
  .bss               zero     0x1ffff1dc     0x4  WOL_Control.o [1]
  .bss               zero     0x1ffff1e0     0x4  WOL_Control.o [1]
  .bss               zero     0x1ffff1e4     0x4  WOL_Control.o [1]
  .bss               zero     0x1ffff1e8     0x4  WOL_Control.o [1]
  .bss               zero     0x1ffff1ec     0x4  WOL_Control.o [1]
  .bss               zero     0x1ffff1f0     0x4  WOL_Control.o [1]
  .bss               zero     0x1ffff1f4     0x4  WOL_Control.o [1]
  .bss               zero     0x1ffff1f8     0x4  WOL_Inductor.o [1]
  .bss               zero     0x1ffff1fc     0x4  WOL_Inductor.o [1]
  .bss               zero     0x1ffff200     0x4  WOL_Inductor.o [1]
  .bss               zero     0x1ffff204     0x4  WOL_Inductor.o [1]
  .bss               zero     0x1ffff208     0x4  WOL_Inductor.o [1]
  .bss               zero     0x1ffff20c     0x4  WOL_Inductor.o [1]
  .bss               zero     0x1ffff210     0x4  WOL_Inductor.o [1]
  .bss               zero     0x1ffff214     0x4  WOL_Inductor.o [1]
  .bss               zero     0x1ffff218     0x4  WOL_Inductor.o [1]
  .bss               zero     0x1ffff21c     0x2  WOL_Control.o [1]
  .bss               zero     0x1ffff21e     0x2  WOL_Control.o [1]
  .bss               zero     0x1ffff220     0x2  WOL_Inductor.o [1]
  .bss               zero     0x1ffff222     0x1  isr.o [1]
  .bss               zero     0x1ffff223     0x1  main.o [1]
  .bss               zero     0x1ffff224     0x1  WOL_Inductor.o [1]
  .bss               zero     0x1ffff225     0x1  WOL_Inductor.o [1]
                            - 0x1ffff226   0x1ea

"P3", part 3 of 3:                         0x400
  CSTACK                      0x1ffff228   0x400  <Block>
    CSTACK           uninit   0x1ffff228   0x400  <Block tail>
                            - 0x1ffff628   0x400


*******************************************************************************
*** INIT TABLE
***

          Address     Size
          -------     ----
Zero (__iar_zero_init3)
    1 destination range, total size 0x1ea:
          0x1ffff03c  0x1ea

Copy (__iar_copy_init3)
    1 source range, total size 0x3c (105% of destination):
          0x000000d0   0x3c
    1 destination range, total size 0x39:
          0x1ffff000   0x39



*******************************************************************************
*** MODULE SUMMARY
***

    Module               ro code  ro data  rw data
    ------               -------  -------  -------
E:\WOL2018\速度串级-逐飞库\18-5-31\KEA128\Projecct\IAR\program\Debug\Obj: [1]
    KEA128_adc.o             104
    KEA128_ftm.o           1 100       12        8
    KEA128_gpio.o            564       12
    KEA128_pit.o             116
    KEA128_port.o             84
    KEA128_systick.o          80
    KEA128_uart.o            432       12       12
    SEEKFREE_FUN.o           114
    SEEKFREE_IIC.o           606
    SEEKFREE_MPU6050.o       182
    SEEKFREE_OLED.o          836      552
    WOL_Control.o          2 744       21      385
    WOL_Inductor.o         1 920               100
    WOL_KEY.o                318
    WOL_LED.o                328
    WOL_UART.o                68       28       24
    common.o                 204       24       16
    isr.o                    204                 1
    main.o                   708        8        1
    startup_SKEAZ1284.o      290
    system_SKEAZ1284.o       128
    ----------------------------------------------
    Total:                11 130      669      547

command line: [2]
    ----------------------------------------------
    Total:

dl6M_tlf.a: [3]
    exit.o                     8
    low_level_init.o           4
    ----------------------------------------------
    Total:                    12

m6M_tl.a: [4]
    DblAddSub.o              436
    DblMul.o                 388
    DblToFlt.o                98
    FltAddSub.o              288
    FltCmpGe.o                40
    FltCmpLe.o                38
    FltDiv.o                 170
    FltMul.o                 176
    FltToDbl.o                50
    FltToS32.o                58
    IxxToDbl.o                52
    IxxToFlt.o                54
    ----------------------------------------------
    Total:                 1 848

rt6M_tl.a: [5]
    ABImemcpy.o               52
    I32DivModFast.o          224
    IntDivZer.o                2
    cexit.o                   10
    cmain.o                   30
    copy_init3.o              48
    cstartup_M.o              12
    data_init.o               40
    zero_init3.o              60
    ----------------------------------------------
    Total:                   478

shb_l.a: [6]
    exit.o                    20
    ----------------------------------------------
    Total:                    20

    Linker created                     39    1 024
--------------------------------------------------
    Grand Total:          13 488      708    1 571


*******************************************************************************
*** ENTRY LIST
***

Entry                      Address   Size  Type      Object
-----                      -------   ----  ----      ------
.iar.init_table$$Base   0x00003980          --   Gb  - Linker created -
.iar.init_table$$Limit  0x000039a4          --   Gb  - Linker created -
?main                   0x000039a5         Code  Gb  cmain.o [5]
Acc_Z                   0x1ffff164    0x4  Data  Gb  WOL_Control.o [1]
AllInit                 0x00002dfb   0xe2  Code  Gb  main.o [1]
Angle                   0x1ffff170    0x4  Data  Gb  WOL_Control.o [1]
Angle_Control           0x00000a41   0x6a  Code  Gb  WOL_Control.o [1]
Angle_PID               0x1ffff03c   0x20  Data  Gb  WOL_Control.o [1]
Angle_Speed             0x1ffff17c    0x4  Data  Gb  WOL_Control.o [1]
AngularSpeed            0x1ffff174    0x4  Data  Gb  WOL_Control.o [1]
CSTACK$$Base            0x1ffff228          --   Gb  - Linker created -
CSTACK$$Limit           0x1ffff628          --   Gb  - Linker created -
CarSpeed                0x1ffff18c    0x4  Data  Gb  WOL_Control.o [1]
Car_Angle               0x1ffff178    0x4  Data  Gb  WOL_Control.o [1]
ControlSpeed            0x1ffff190    0x4  Data  Gb  WOL_Control.o [1]
Direction_Control       0x00000c71   0x20  Code  Gb  WOL_Control.o [1]
Distance                0x1ffff188    0x4  Data  Gb  WOL_Control.o [1]
E                       0x1ffff1d0    0x4  Data  Lc  WOL_Control.o [1]
F6x8                    0x00003578  0x228  Data  Gb  SEEKFREE_OLED.o [1]
FTMX                    0x00003a18    0xc  Data  Lc  KEA128_ftm.o [1]
GPIOX                   0x00003a24    0xc  Data  Lc  KEA128_gpio.o [1]
GetAttitude             0x000005f3   0xf4  Code  Gb  WOL_Control.o [1]
GyroXRead               0x1ffff104    0xc  Data  Gb  WOL_Control.o [1]
GyroYRead               0x1ffff0f8    0xc  Data  Gb  WOL_Control.o [1]
Gyro_X                  0x1ffff16c    0x4  Data  Gb  WOL_Control.o [1]
Gyro_Y                  0x1ffff168    0x4  Data  Gb  WOL_Control.o [1]
I2C_SendACK             0x0000259f   0x42  Code  Gb  SEEKFREE_IIC.o [1]
IIC_init                0x0000276d   0x24  Code  Gb  SEEKFREE_IIC.o [1]
IIC_start               0x00002543   0x2c  Code  Gb  SEEKFREE_IIC.o [1]
IIC_stop                0x0000256f   0x30  Code  Gb  SEEKFREE_IIC.o [1]
IRQ_IRQHandler          0x00003829    0xe  Code  Gb  isr.o [1]
IfInSpeedway            0x1ffff038    0x1  Data  Gb  WOL_Control.o [1]
Inductor_Error_Get      0x00001e91  0x60c  Code  Gb  WOL_Inductor.o [1]
Inductor_Init           0x00001d79   0x22  Code  Gb  WOL_Inductor.o [1]
Inductor_L              0x1ffff110    0xc  Data  Gb  WOL_Inductor.o [1]
Inductor_ML             0x1ffff134    0xc  Data  Gb  WOL_Inductor.o [1]
Inductor_MM             0x1ffff128    0xc  Data  Gb  WOL_Inductor.o [1]
Inductor_MR             0x1ffff140    0xc  Data  Gb  WOL_Inductor.o [1]
Inductor_R              0x1ffff11c    0xc  Data  Gb  WOL_Inductor.o [1]
Inductor_get            0x00001d9b   0xe2  Code  Gb  WOL_Inductor.o [1]
InitMPU6050             0x00001145   0x4a  Code  Gb  SEEKFREE_MPU6050.o [1]
IslandDistance          0x1ffff214    0x4  Data  Gb  WOL_Inductor.o [1]
KBI0_IRQHandler         0x00003837    0xe  Code  Gb  isr.o [1]
KEY_Flag                0x1ffff223    0x1  Data  Gb  main.o [1]
KEY_Init                0x00002f39   0x74  Code  Gb  WOL_KEY.o [1]
K_0                     0x1ffff1d4    0x4  Data  Lc  WOL_Control.o [1]
K_1                     0x1ffff1d8    0x4  Data  Lc  WOL_Control.o [1]
KalmanAngalCalculate    0x00000705   0x50  Code  Gb  WOL_Control.o [1]
Kalman_Filter           0x00000411  0x1e2  Code  Gb  WOL_Control.o [1]
LocationCheck           0x00000c95   0x2e  Code  Gb  WOL_Control.o [1]
MPU6050_ACCEL_Z_data    0x0000118f   0x24  Code  Gb  SEEKFREE_MPU6050.o [1]
MPU6050_GYRO_X_data     0x000011b3   0x24  Code  Gb  SEEKFREE_MPU6050.o [1]
MPU6050_GYRO_Y_data     0x000011d7   0x24  Code  Gb  SEEKFREE_MPU6050.o [1]
MotorSpeed              0x1ffff1bc    0x4  Data  Gb  WOL_Control.o [1]
Motor_Speed_Set         0x00000d05  0x180  Code  Gb  WOL_Control.o [1]
NVIC_EnableIRQ          0x00002c75    0xe  Code  Lc  main.o [1]
NVIC_SetPriority        0x00002c83   0x84  Code  Lc  main.o [1]
OLED_DLY_ms             0x000029c9   0x1e  Code  Gb  SEEKFREE_OLED.o [1]
OLED_Fill               0x00002a17   0x3e  Code  Gb  SEEKFREE_OLED.o [1]
OLED_HEXACSII           0x00002bcf   0x3a  Code  Gb  SEEKFREE_OLED.o [1]
OLED_Init               0x00002a55  0x112  Code  Gb  SEEKFREE_OLED.o [1]
OLED_P6x8Str            0x00002b67   0x68  Code  Gb  SEEKFREE_OLED.o [1]
OLED_Print_Num1         0x00002c09   0x5e  Code  Gb  SEEKFREE_OLED.o [1]
OLED_Set_Pos            0x000029e7   0x30  Code  Gb  SEEKFREE_OLED.o [1]
OLED_WrCmd              0x0000297d   0x4c  Code  Gb  SEEKFREE_OLED.o [1]
OLED_WrDat              0x00002931   0x4c  Code  Gb  SEEKFREE_OLED.o [1]
OutData                 0x1ffff000   0x18  Data  Gb  WOL_UART.o [1]
PCt_0                   0x1ffff1c8    0x4  Data  Lc  WOL_Control.o [1]
PCt_1                   0x1ffff1cc    0x4  Data  Lc  WOL_Control.o [1]
PIT0_InterTimes         0x1ffff222    0x1  Data  Gb  isr.o [1]
PIT_CH0_IRQHandler      0x000037a1   0x7a  Code  Gb  isr.o [1]
PIT_CH1_IRQHandler      0x0000381b    0xe  Code  Gb  isr.o [1]
PathCount               0x1ffff220    0x2  Data  Gb  WOL_Inductor.o [1]
PathType                0x1ffff224    0x1  Data  Gb  WOL_Inductor.o [1]
PathTypeLEDSet          0x000031cd   0xba  Code  Gb  WOL_LED.o [1]
Pdot                    0x1ffff0e8   0x10  Data  Gb  WOL_Control.o [1]
Pk                      0x1ffff0d8   0x10  Data  Lc  WOL_Control.o [1]
PluseLeft               0x1ffff198    0x4  Data  Gb  WOL_Control.o [1]
PluseRight              0x1ffff194    0x4  Data  Gb  WOL_Control.o [1]
Q_angle                 0x1ffff028    0x4  Data  Lc  WOL_Control.o [1]
Q_gyro                  0x1ffff02c    0x4  Data  Lc  WOL_Control.o [1]
R_angle                 0x1ffff030    0x4  Data  Lc  WOL_Control.o [1]
Read_KEYMassage         0x00002fad   0xca  Code  Gb  WOL_KEY.o [1]
Region$$Table$$Base     0x00003980          --   Gb  - Linker created -
Region$$Table$$Limit    0x000039a4          --   Gb  - Linker created -
RunTime                 0x1ffff184    0x4  Data  Gb  WOL_Control.o [1]
SCCB_WaitAck            0x000025e1   0x58  Code  Lc  SEEKFREE_IIC.o [1]
SetSpeed                0x1ffff024    0x4  Data  Gb  WOL_Control.o [1]
SlopeCount              0x1ffff225    0x1  Data  Gb  WOL_Inductor.o [1]
SlopeDistance           0x1ffff218    0x4  Data  Gb  WOL_Inductor.o [1]
SpeedControl            0x000008e1  0x104  Code  Gb  WOL_Control.o [1]
SpeedControlIntegral    0x1ffff1a0    0x4  Data  Gb  WOL_Control.o [1]
SpeedControlOutNew      0x1ffff1a8    0x4  Data  Gb  WOL_Control.o [1]
SpeedControlOutOld      0x1ffff1a4    0x4  Data  Gb  WOL_Control.o [1]
SpeedGet                0x00000779  0x124  Code  Gb  WOL_Control.o [1]
SpeedNeedAngle          0x1ffff1ac    0x4  Data  Gb  WOL_Control.o [1]
SpeedNeedAngleLast      0x1ffff1b0    0x4  Data  Gb  WOL_Control.o [1]
SpeedReadLeft           0x1ffff21e    0x2  Data  Gb  WOL_Control.o [1]
SpeedReadRight          0x1ffff21c    0x2  Data  Gb  WOL_Control.o [1]
Speed_100ms_Addtion     0x1ffff19c    0x4  Data  Gb  WOL_Control.o [1]
Speed_Control_Output    0x000009e5   0x34  Code  Gb  WOL_Control.o [1]
Speed_Init              0x00002d07   0xf4  Code  Gb  main.o [1]
Speed_PID               0x1ffff05c   0x20  Data  Gb  WOL_Control.o [1]
Start                   0x00003881   0x44  Code  Gb  system_SKEAZ1284.o [1]
TargetAngle             0x1ffff180    0x4  Data  Gb  WOL_Control.o [1]
TurnError               0x1ffff1b4    0x4  Data  Gb  WOL_Control.o [1]
TurnErrorLast           0x1ffff1b8    0x4  Data  Gb  WOL_Control.o [1]
TurnRing                0x00000afd  0x150  Code  Gb  WOL_Control.o [1]
TurnRing::round_error   0x1ffff1f0    0x4  Data  Lc  WOL_Control.o [1]
TurnRing::round_error_old
                        0x1ffff1f4    0x4  Data  Lc  WOL_Control.o [1]
TurnRing::round_speed   0x1ffff1ec    0x4  Data  Lc  WOL_Control.o [1]
TurnRing::speed_get_l   0x1ffff0b0   0x14  Data  Lc  WOL_Control.o [1]
TurnRing::speed_get_r   0x1ffff09c   0x14  Data  Lc  WOL_Control.o [1]
TurnRing::speed_gyro    0x1ffff0c4   0x14  Data  Lc  WOL_Control.o [1]
TurnRing::speed_l       0x1ffff1e4    0x4  Data  Lc  WOL_Control.o [1]
TurnRing::speed_r       0x1ffff1e8    0x4  Data  Lc  WOL_Control.o [1]
Turn_H                  0x1ffff210    0x4  Data  Gb  WOL_Inductor.o [1]
Turn_M                  0x1ffff20c    0x4  Data  Gb  WOL_Inductor.o [1]
Turn_PID                0x1ffff07c   0x20  Data  Gb  WOL_Control.o [1]
WOL_LED_Init            0x00003145   0x48  Code  Gb  WOL_LED.o [1]
WOL_LED_Set             0x0000318d   0x40  Code  Gb  WOL_LED.o [1]
WOL_SendWare            0x000034b1   0x44  Code  Gb  WOL_UART.o [1]
__Vectors               0x00000000          --   Gb  startup_SKEAZ1284.o [1]
__Vectors_End           0x000000c0         Data  Gb  startup_SKEAZ1284.o [1]
__Vectors_Size {Abs}    0x000000c0          --   Gb  startup_SKEAZ1284.o [1]
__aeabi_cfcmple         0x00001d51         Code  Gb  FltCmpLe.o [4]
__aeabi_cfrcmple        0x00001d29         Code  Gb  FltCmpGe.o [4]
__aeabi_d2f             0x0000159f         Code  Gb  DblToFlt.o [4]
__aeabi_dadd            0x000013eb         Code  Gb  DblAddSub.o [4]
__aeabi_dmul            0x00001267         Code  Gb  DblMul.o [4]
__aeabi_dsub            0x000014b1         Code  Gb  DblAddSub.o [4]
__aeabi_f2d             0x00001235         Code  Gb  FltToDbl.o [4]
__aeabi_f2iz            0x000024f9         Code  Gb  FltToS32.o [4]
__aeabi_fadd            0x00000ec9         Code  Gb  FltAddSub.o [4]
__aeabi_fdiv            0x00001099         Code  Gb  FltDiv.o [4]
__aeabi_fmul            0x00000fe9         Code  Gb  FltMul.o [4]
__aeabi_fsub            0x00000f39         Code  Gb  FltAddSub.o [4]
__aeabi_i2d             0x00001ca1         Code  Gb  IxxToDbl.o [4]
__aeabi_i2f             0x0000121d         Code  Gb  IxxToFlt.o [4]
__aeabi_idiv            0x000027bd         Code  Gb  I32DivModFast.o [5]
__aeabi_idiv0           0x0000292d         Code  Gb  IntDivZer.o [5]
__aeabi_idivmod         0x000027bd         Code  Gb  I32DivModFast.o [5]
__aeabi_memcpy4         0x00003545         Code  Wk  ABImemcpy.o [5]
__aeabi_ui2d            0x00001c81         Code  Gb  IxxToDbl.o [4]
__aeabi_ui2f            0x000011fd         Code  Gb  IxxToFlt.o [4]
__aeabi_uidiv           0x000027c3         Code  Gb  I32DivModFast.o [5]
__aeabi_uidivmod        0x000027c3         Code  Gb  I32DivModFast.o [5]
__cmain                 0x000039a5         Code  Gb  cmain.o [5]
__exit                  0x000039dd   0x14  Code  Gb  exit.o [6]
__iar_copy_init3        0x00003929   0x30  Code  Gb  copy_init3.o [5]
__iar_data_init3        0x00003959   0x28  Code  Gb  data_init.o [5]
__iar_program_start     0x00003a31         Code  Gb  cstartup_M.o [5]
__iar_systems$$module {Abs}
                        0x00000001         Data  Gb  command line/config [2]
__iar_zero_init3        0x000038ed   0x3c  Code  Gb  zero_init3.o [5]
__low_level_init        0x000039c3    0x4  Code  Gb  low_level_init.o [3]
__vector_table          0x00000000         Data  Gb  startup_SKEAZ1284.o [1]
_call_main              0x000039b1         Code  Gb  cmain.o [5]
_exit                   0x000039d1         Code  Gb  cexit.o [5]
_main                   0x000039bf         Code  Gb  cmain.o [5]
adc_init                0x000028c5   0x24  Code  Gb  KEA128_adc.o [1]
adc_once                0x000028e9   0x2c  Code  Gb  KEA128_adc.o [1]
angle_err               0x1ffff1c4    0x4  Data  Lc  WOL_Control.o [1]
bus_clk_khz             0x1ffff160    0x4  Data  Gb  common.o [1]
core_clk_khz            0x1ffff15c    0x4  Data  Gb  common.o [1]
disable_wdog            0x0000386d   0x14  Code  Gb  system_SKEAZ1284.o [1]
dt                      0x1ffff034    0x4  Data  Lc  WOL_Control.o [1]
exit                    0x000039c7    0x8  Code  Gb  exit.o [3]
ftm_clk_khz             0x1ffff158    0x4  Data  Gb  common.o [1]
ftm_count_clean         0x00001a21   0x10  Code  Gb  KEA128_ftm.o [1]
ftm_count_get           0x00001a11   0x10  Code  Gb  KEA128_ftm.o [1]
ftm_count_init          0x000019bd   0x50  Code  Gb  KEA128_ftm.o [1]
ftm_count_mux           0x0000191d   0x9c  Code  Gb  KEA128_ftm.o [1]
ftm_pwm_duty            0x00001889   0x7a  Code  Gb  KEA128_ftm.o [1]
ftm_pwm_init            0x00001725  0x164  Code  Gb  KEA128_ftm.o [1]
ftm_pwm_mux             0x00001601  0x124  Code  Gb  KEA128_ftm.o [1]
get_clk                 0x00003079   0xcc  Code  Gb  common.o [1]
gf_inductor_left        0x1ffff1f8    0x4  Data  Gb  WOL_Inductor.o [1]
gf_inductor_leftm       0x1ffff204    0x4  Data  Gb  WOL_Inductor.o [1]
gf_inductor_middle      0x1ffff200    0x4  Data  Gb  WOL_Inductor.o [1]
gf_inductor_right       0x1ffff1fc    0x4  Data  Gb  WOL_Inductor.o [1]
gf_inductor_rightm      0x1ffff208    0x4  Data  Gb  WOL_Inductor.o [1]
gpio_ddr                0x00001b4b   0xbc  Code  Gb  KEA128_gpio.o [1]
gpio_get                0x00001c07   0x34  Code  Gb  KEA128_gpio.o [1]
gpio_init               0x00001a4d   0xfe  Code  Gb  KEA128_gpio.o [1]
gpio_set                0x00001c3b   0x40  Code  Gb  KEA128_gpio.o [1]
ics_clk_khz             0x1ffff154    0x4  Data  Gb  common.o [1]
limit                   0x00001cc5   0x40  Code  Gb  SEEKFREE_FUN.o [1]
limit_ab                0x00001d05   0x22  Code  Gb  SEEKFREE_FUN.o [1]
main                    0x00002edd   0x10  Code  Gb  main.o [1]
myabs                   0x00001cb5   0x10  Code  Gb  SEEKFREE_FUN.o [1]
period                  0x1ffff14c    0x8  Data  Gb  KEA128_ftm.o [1]
pit_init                0x0000343d   0x68  Code  Gb  KEA128_pit.o [1]
port_pull               0x00002871   0x54  Code  Gb  KEA128_port.o [1]
q_bias                  0x1ffff1c0    0x4  Data  Lc  WOL_Control.o [1]
read_ch                 0x00002681   0x7a  Code  Gb  SEEKFREE_IIC.o [1]
send_ch                 0x00002639   0x48  Code  Gb  SEEKFREE_IIC.o [1]
simiic_delay            0x00002533   0x10  Code  Gb  SEEKFREE_IIC.o [1]
simiic_read_reg         0x00002725   0x48  Code  Gb  SEEKFREE_IIC.o [1]
simiic_write_reg        0x000026fb   0x2a  Code  Gb  SEEKFREE_IIC.o [1]
systick_delay           0x000034f5   0x26  Code  Gb  KEA128_systick.o [1]
systick_delay_ms        0x0000351b   0x18  Code  Gb  KEA128_systick.o [1]
t_0                     0x1ffff1dc    0x4  Data  Lc  WOL_Control.o [1]
t_1                     0x1ffff1e0    0x4  Data  Lc  WOL_Control.o [1]
uart                    0x1ffff018    0xc  Data  Gb  KEA128_uart.o [1]
uart_init               0x00003303   0xe2  Code  Gb  KEA128_uart.o [1]
uart_mux                0x0000328d   0x76  Code  Gb  KEA128_uart.o [1]
uart_putbuff            0x00003405   0x20  Code  Gb  KEA128_uart.o [1]
uart_putchar            0x000033e5   0x20  Code  Gb  KEA128_uart.o [1]


[1] = E:\WOL2018\速度串级-逐飞库\18-5-31\KEA128\Projecct\IAR\program\Debug\Obj
[2] = command line
[3] = dl6M_tlf.a
[4] = m6M_tl.a
[5] = rt6M_tl.a
[6] = shb_l.a

  13 488 bytes of readonly  code memory
     708 bytes of readonly  data memory
   1 571 bytes of readwrite data memory

Errors: none
Warnings: none
